current directory: /Users/shreyasgiridharan/Development/shreyasgiridharan.github.io/vendor/bundle/ruby/3.3.0/gems/commonmarker-0.23.12/ext/commonmarker
/Users/shreyasgiridharan/.rbenv/versions/3.3.3/bin/ruby extconf.rb
checking for whether -std=c99 is accepted as CFLAGS... no
creating Makefile

current directory: /Users/shreyasgiridharan/Development/shreyasgiridharan.github.io/vendor/bundle/ruby/3.3.0/gems/commonmarker-0.23.12/ext/commonmarker
make DESTDIR\= sitearchdir\=./.gem.20260705-24139-5vp8z9 sitelibdir\=./.gem.20260705-24139-5vp8z9 clean

current directory: /Users/shreyasgiridharan/Development/shreyasgiridharan.github.io/vendor/bundle/ruby/3.3.0/gems/commonmarker-0.23.12/ext/commonmarker
make DESTDIR\= sitearchdir\=./.gem.20260705-24139-5vp8z9 sitelibdir\=./.gem.20260705-24139-5vp8z9
compiling arena.c
compiling autolink.c
compiling blocks.c
blocks.c:1540:5: warning: 'CMARK_DEBUG_NODES' is not defined, evaluates to 0 [-Wundef]
 1540 | #if CMARK_DEBUG_NODES
      |     ^
1 warning generated.
compiling buffer.c
compiling cmark.c
compiling cmark_ctype.c
compiling commonmark.c
compiling commonmarker.c
In file included from commonmarker.c:1:
In file included from ./commonmarker.h:9:
In file included from /Users/shreyasgiridharan/.rbenv/versions/3.3.3/include/ruby-3.3.0/ruby.h:38:
In file included from /Users/shreyasgiridharan/.rbenv/versions/3.3.3/include/ruby-3.3.0/ruby/ruby.h:28:
In file included from /Users/shreyasgiridharan/.rbenv/versions/3.3.3/include/ruby-3.3.0/ruby/internal/arithmetic.h:24:
In file included from /Users/shreyasgiridharan/.rbenv/versions/3.3.3/include/ruby-3.3.0/ruby/internal/arithmetic/char.h:29:
/Users/shreyasgiridharan/.rbenv/versions/3.3.3/include/ruby-3.3.0/ruby/internal/core/rstring.h:398:24: warning: default initialization of an object of type 'struct RString' with const member leaves the object uninitialized [-Wdefault-const-init-field-unsafe]
  398 |         struct RString retval;
      |                        ^
/Users/shreyasgiridharan/.rbenv/versions/3.3.3/include/ruby-3.3.0/ruby/internal/core/rbasic.h:88:17: note: member 'klass' declared 'const' here
   88 |     const VALUE klass;
      |                 ^
In file included from commonmarker.c:3:
In file included from ./houdini.h:9:
./config.h:8:9: warning: 'HAVE_STDBOOL_H' macro redefined [-Wmacro-redefined]
    8 | #define HAVE_STDBOOL_H
      |         ^
/Users/shreyasgiridharan/.rbenv/versions/3.3.3/include/ruby-3.3.0/arm64-darwin25/ruby/config.h:45:9: note: previous definition is here
   45 | #define HAVE_STDBOOL_H 1
      |         ^
commonmarker.c:50:43: warning: passing 'const char *' to parameter of type 'void *' discards qualifiers [-Wincompatible-pointer-types-discards-qualifiers]
   50 |   cmark_get_default_mem_allocator()->free(str);
      |                                           ^~~
commonmarker.c:564:20: warning: implicit conversion loses integer precision: 'long' to 'int' [-Wshorten-64-to-32]
  564 |   extensions_len = RARRAY_LEN(rb_extensions);
      |                  ~ ^~~~~~~~~~~~~~~~~~~~~~~~~
/Users/shreyasgiridharan/.rbenv/versions/3.3.3/include/ruby-3.3.0/ruby/internal/core/rarray.h:51:36: note: expanded from macro 'RARRAY_LEN'
   51 | #define RARRAY_LEN                 rb_array_len                 /**< @alias{rb_array_len} */
      |                                    ^
commonmarker.c:1178:27: warning: implicit conversion loses integer precision: 'long' to 'bufsize_t' (aka 'int') [-Wshorten-64-to-32]
 1177 |   if (houdini_escape_href(&buf, (const uint8_t *)RSTRING_PTR(rb_text),
      |       ~~~~~~~~~~~~~~~~~~~
 1178 |                           RSTRING_LEN(rb_text))) {
      |                           ^~~~~~~~~~~~~~~~~~~~
/Users/shreyasgiridharan/.rbenv/versions/3.3.3/include/ruby-3.3.0/ruby/internal/core/rstring.h:46:27: note: expanded from macro 'RSTRING_LEN'
   46 | #define RSTRING_LEN       RSTRING_LEN
      |                           ^
commonmarker.c:1199:28: warning: implicit conversion loses integer precision: 'long' to 'bufsize_t' (aka 'int') [-Wshorten-64-to-32]
 1198 |   if (houdini_escape_html0(&buf, (const uint8_t *)RSTRING_PTR(rb_text),
      |       ~~~~~~~~~~~~~~~~~~~~
 1199 |                            RSTRING_LEN(rb_text), 0)) {
      |                            ^~~~~~~~~~~~~~~~~~~~
/Users/shreyasgiridharan/.rbenv/versions/3.3.3/include/ruby-3.3.0/ruby/internal/core/rstring.h:46:27: note: expanded from macro 'RSTRING_LEN'
   46 | #define RSTRING_LEN       RSTRING_LEN
      |                           ^
6 warnings generated.
compiling core-extensions.c
compiling ext_scanners.c
compiling footnotes.c
compiling houdini_href_e.c
compiling houdini_html_e.c
compiling houdini_html_u.c
compiling html.c
compiling inlines.c
compiling iterator.c
compiling latex.c
compiling linked_list.c
compiling man.c
compiling map.c
compiling node.c
compiling plaintext.c
compiling plugin.c
compiling references.c
compiling registry.c
compiling render.c
compiling scanners.c
compiling strikethrough.c
compiling syntax_extension.c
compiling table.c
compiling tagfilter.c
compiling tasklist.c
compiling utf8.c
compiling xml.c
linking shared-object commonmarker/commonmarker.bundle

current directory: /Users/shreyasgiridharan/Development/shreyasgiridharan.github.io/vendor/bundle/ruby/3.3.0/gems/commonmarker-0.23.12/ext/commonmarker
make DESTDIR\= sitearchdir\=./.gem.20260705-24139-5vp8z9 sitelibdir\=./.gem.20260705-24139-5vp8z9 install
/usr/bin/install -c -m 0755 commonmarker.bundle ./.gem.20260705-24139-5vp8z9/commonmarker

current directory: /Users/shreyasgiridharan/Development/shreyasgiridharan.github.io/vendor/bundle/ruby/3.3.0/gems/commonmarker-0.23.12/ext/commonmarker
make DESTDIR\= sitearchdir\=./.gem.20260705-24139-5vp8z9 sitelibdir\=./.gem.20260705-24139-5vp8z9 clean
